./chall $LINENO 5596
./chall $LINENO 436
./chall $LINENO 6550 3 729
./chall $LINENO 9623 0 57 2 0 57
./chall $LINENO 3849 0 57 5 0 57
./chall $LINENO 6360 0 57 7 0 67 0
./chall $LINENO 5739 1 24 2 0 16 0
./chall $LINENO 267 1 24 5 0 37
./chall $LINENO 4627 1023 0
./chall $LINENO 517 2 49 3 0 49
./chall $LINENO 988 2 49 6 0 49
./chall $LINENO 9001 2 0
./chall $LINENO 6319 3 46 2 0 38 0
./chall $LINENO 9487 3 46 5 0 46 5
./chall $LINENO 1730 3 46 7 0 6
./chall $LINENO 5739 4 11 6 0 20 0
./chall $LINENO 267 5 47 0 0 97
./chall $LINENO 6946 5 47 3 0 46 0
./chall $LINENO 9971 5 47 6 0 47
./chall $LINENO 4835 6 56 0 0 46 0
./chall $LINENO 1730 6 56 2 0 6
./chall $LINENO 4835 6 56 5 0 64 0
./chall $LINENO 6775 6 56 7 0 41 0
./chall $LINENO 2421 7 35 3 0 34
./chall $LINENO 2065 7 35 7 0 35
./chall $LINENO 9623 8 66 2 0 66
./chall $LINENO 9686 8 66 4 0 67 0
./chall $LINENO 4092 8 66 7 0 66
./chall $LINENO 7186 9 50 2 0
./chall $LINENO 3849 9 50 5 0 50
./chall $LINENO 5739 9 50 7 0 60 0
./chall $LINENO 2644 10 19 2 0 19
./chall $LINENO 2985 10 19 5 0 27 0
./chall $LINENO 1032 10 19 8 0 19
./chall $LINENO 2149 11 79 2 0 71 0
./chall $LINENO 9487 11 79 5 0 79 8
./chall $LINENO 4835 12 21 1 0 12 0
./chall $LINENO 2351 12 21 5 0 29
./chall $LINENO 5804 12 0
./chall $LINENO 267 13 41 3 0 40
./chall $LINENO 8378 13 41 6 0 50 0
./chall $LINENO 4924 1 4628
./chall $LINENO 5417
./chall $LINENO 431
./chall $LINENO 4076

[+] HIT
echo "Incorrect!"
./chall $LINENO 4076

[WORK] /tmp/kyoto_trace_p07kpibd
